start: State(name='start', start=0, end=0, depth=0)
end: State(name='start', start=0, end=0, depth=0) => ''
